[2026-08-02T02:01:58Z] stage=requeue-resource-failures run_id=github-mass-production-XBY-20260802
command= env PIPELINE_OUTPUT_DIR=/home/xubingyu/AlvanceGithubCrawler/outputs/github_production_500_unquota uv run alvance-github-crawler --requeue-failures --failure-reason e2b_resource_exhausted --failure-reason benchmark_resource_fail --failure-reason offline_test_timeout --requeue-marker resource-escalation-c2-m4096-v1 --verbose
{
  "already_registered": 147,
  "already_requeued": 157,
  "matched": 158,
  "requeued": 1
}
[2026-08-02T02:02:03Z] stage=requeue-resource-failures exit_code=0 duration_s=5
[2026-08-02T02:16:55Z] stage=requeue-resource-failures run_id=github-mass-production-XBY-20260802
command= env PIPELINE_OUTPUT_DIR=/home/xubingyu/AlvanceGithubCrawler/outputs/github_production_500_unquota uv run alvance-github-crawler --requeue-failures --failure-reason e2b_resource_exhausted --failure-reason benchmark_resource_fail --failure-reason offline_test_timeout --requeue-marker resource-escalation-c2-m4096-v1 --verbose
{
  "already_registered": 147,
  "already_requeued": 158,
  "matched": 158,
  "requeued": 0
}
[2026-08-02T02:16:58Z] stage=requeue-resource-failures exit_code=0 duration_s=3
[2026-08-02T09:10:07Z] stage=requeue-resource-failures run_id=github-mass-production-XBY-20260802
command= env PIPELINE_OUTPUT_DIR=/home/xubingyu/AlvanceGithubCrawler/outputs/github_production_500_unquota uv run alvance-github-crawler --requeue-failures --failure-reason e2b_resource_exhausted --failure-reason benchmark_resource_fail --failure-reason offline_test_timeout --requeue-marker resource-escalation-c2-m4096-v1 --verbose
{
  "already_registered": 147,
  "already_requeued": 158,
  "matched": 158,
  "requeued": 0
}
[2026-08-02T09:10:11Z] stage=requeue-resource-failures exit_code=0 duration_s=4
