[2026-08-01T02:04:18Z] stage=requeue-node-package-manager-v18 run_id=github-mass-production-XBY-20260801
command= env PIPELINE_OUTPUT_DIR=/home/xubingyu/AlvanceGithubCrawler/outputs/github_production_500_unquota uv run alvance-github-crawler --requeue-failures --failure-reason build_fail --failure-contains can\ only\ install\ with\ an\ existing\ package-lock.json --requeue-marker node-package-manager-v18 --verbose
{
  "already_registered": 29,
  "already_requeued": 0,
  "matched": 0,
  "requeued": 0
}
[2026-08-01T02:04:21Z] stage=requeue-node-package-manager-v18 exit_code=0 duration_s=3
[2026-08-01T04:31:05Z] stage=requeue-node-package-manager-v18 run_id=github-mass-production-XBY-20260801
command= env PIPELINE_OUTPUT_DIR=/home/xubingyu/AlvanceGithubCrawler/outputs/github_production_500_unquota uv run alvance-github-crawler --requeue-failures --failure-reason build_fail --failure-contains can\ only\ install\ with\ an\ existing\ package-lock.json --requeue-marker node-package-manager-v18 --verbose
{
  "already_registered": 29,
  "already_requeued": 0,
  "matched": 0,
  "requeued": 0
}
[2026-08-01T04:31:09Z] stage=requeue-node-package-manager-v18 exit_code=0 duration_s=4
[2026-08-01T06:33:52Z] stage=requeue-node-package-manager-v18 run_id=github-mass-production-XBY-20260801
command= env PIPELINE_OUTPUT_DIR=/home/xubingyu/AlvanceGithubCrawler/outputs/github_production_500_unquota uv run alvance-github-crawler --requeue-failures --failure-reason build_fail --failure-contains can\ only\ install\ with\ an\ existing\ package-lock.json --requeue-marker node-package-manager-v18 --verbose
{
  "already_registered": 29,
  "already_requeued": 0,
  "matched": 0,
  "requeued": 0
}
[2026-08-01T06:33:56Z] stage=requeue-node-package-manager-v18 exit_code=0 duration_s=4
[2026-08-01T08:57:28Z] stage=requeue-node-package-manager-v18 run_id=github-mass-production-XBY-20260801
command= env PIPELINE_OUTPUT_DIR=/home/xubingyu/AlvanceGithubCrawler/outputs/github_production_500_unquota uv run alvance-github-crawler --requeue-failures --failure-reason build_fail --failure-contains can\ only\ install\ with\ an\ existing\ package-lock.json --requeue-marker node-package-manager-v18 --verbose
{
  "already_registered": 29,
  "already_requeued": 0,
  "matched": 1,
  "requeued": 1
}
[2026-08-01T08:57:33Z] stage=requeue-node-package-manager-v18 exit_code=0 duration_s=5
[2026-08-01T16:36:02Z] stage=requeue-node-package-manager-v18 run_id=github-mass-production-XBY-20260801
command= env PIPELINE_OUTPUT_DIR=/home/xubingyu/AlvanceGithubCrawler/outputs/github_production_500_unquota uv run alvance-github-crawler --requeue-failures --failure-reason build_fail --failure-contains can\ only\ install\ with\ an\ existing\ package-lock.json --requeue-marker node-package-manager-v18 --verbose
{
  "already_registered": 29,
  "already_requeued": 1,
  "matched": 1,
  "requeued": 0
}
[2026-08-01T16:36:05Z] stage=requeue-node-package-manager-v18 exit_code=0 duration_s=3
