[2026-08-01T22:26:47Z] stage=verify-escalated-20260801T222647Z run_id=github-mass-production-XBY-20260801
command= env PIPELINE_OUTPUT_DIR=/home/xubingyu/AlvanceGithubCrawler/outputs/github_production_500_unquota PIPELINE_E2B_CPU_COUNT=2 PIPELINE_E2B_MEMORY_MB=4096 PIPELINE_E2B_CONCURRENCY=20 PIPELINE_LANGUAGE_QUOTA_ENABLED=false uv run alvance-github-crawler --verify-pending --e2b-concurrency 20 --verbose
2026-08-01 22:26:49,535 INFO alvance_github_crawler.pending.verification: verifying pending candidate webdataset/webdataset key_slot=1
2026-08-01 22:26:49,536 INFO alvance_github_crawler.pending.verification: verifying pending candidate dask/dask-jobqueue key_slot=2
2026-08-01 22:26:49,537 INFO alvance_github_crawler.pending.verification: verifying pending candidate yondonfu/comfystream key_slot=3
2026-08-01 22:26:49,538 INFO alvance_github_crawler.pending.verification: verifying pending candidate XanaduAI/thewalrus key_slot=1
2026-08-01 22:26:49,539 INFO alvance_github_crawler.pending.verification: verifying pending candidate adaptive-intelligent-robotics/QDax key_slot=2
2026-08-01 22:27:20,968 INFO alvance_github_crawler.pending.verification: pending candidate dask/dask-jobqueue finished outcome=rejected key_slot=2 processed=1 in_flight=4
2026-08-01 22:27:48,858 INFO alvance_github_crawler.pending.verification: pending candidate webdataset/webdataset finished outcome=rejected key_slot=1 processed=2 in_flight=3
2026-08-01 22:27:52,078 INFO alvance_github_crawler.pending.verification: pending candidate yondonfu/comfystream finished outcome=rejected key_slot=3 processed=3 in_flight=2
2026-08-01 22:31:13,584 INFO alvance_github_crawler.pending.verification: pending candidate adaptive-intelligent-robotics/QDax finished outcome=rejected key_slot=2 processed=4 in_flight=1
2026-08-01 22:39:46,528 INFO alvance_github_crawler.pending.verification: pending candidate XanaduAI/thewalrus finished outcome=rejected key_slot=1 processed=5 in_flight=0
{
  "key_slot_1_processed": 2,
  "key_slot_1_rejected": 2,
  "key_slot_2_processed": 2,
  "key_slot_2_rejected": 2,
  "key_slot_3_processed": 1,
  "key_slot_3_rejected": 1,
  "processed": 5,
  "rejected": 5,
  "remaining": 0
}
[2026-08-01T22:39:47Z] stage=verify-escalated-20260801T222647Z exit_code=0 duration_s=780
