[2026-08-01T03:37:38Z] stage=verify-default-20260801T033738Z run_id=github-mass-production-XBY-20260801
command= env PIPELINE_OUTPUT_DIR=/home/xubingyu/AlvanceGithubCrawler/outputs/github_production_500_unquota PIPELINE_E2B_CPU_COUNT=1 PIPELINE_E2B_MEMORY_MB=1024 PIPELINE_E2B_CONCURRENCY=20 PIPELINE_LANGUAGE_QUOTA_ENABLED=false uv run alvance-github-crawler --verify-pending --e2b-concurrency 20 --verbose
2026-08-01 03:37:41,135 INFO alvance_github_crawler.pending.verification: verifying pending candidate alexbrazier/react-native-network-logger key_slot=1
2026-08-01 03:37:43,809 INFO alvance_github_crawler.pending.verification: verifying pending candidate pysmt/pysmt key_slot=2
2026-08-01 03:37:49,283 INFO alvance_github_crawler.pending.verification: verifying pending candidate poupeaua/otary key_slot=3
2026-08-01 03:37:50,556 INFO alvance_github_crawler.pending.verification: verifying pending candidate hildogjr/KiCost key_slot=1
2026-08-01 03:37:53,366 INFO alvance_github_crawler.pending.verification: pending candidate pysmt/pysmt finished outcome=rejected key_slot=2 processed=1 in_flight=3
2026-08-01 03:37:56,297 INFO alvance_github_crawler.pending.verification: verifying pending candidate SmartThingsCommunity/smartthings-cli key_slot=2
2026-08-01 03:37:57,690 INFO alvance_github_crawler.pending.verification: verifying pending candidate witt3rd/oh-my-hermes key_slot=3
2026-08-01 03:38:05,732 INFO alvance_github_crawler.pending.verification: verifying pending candidate Patrick762/hassio-bluetti-bt key_slot=2
2026-08-01 03:38:13,703 INFO alvance_github_crawler.pending.verification: verifying pending candidate monitoror/monitoror key_slot=3
2026-08-01 03:38:13,704 INFO alvance_github_crawler.pending.verification: pending candidate Patrick762/hassio-bluetti-bt finished outcome=rejected key_slot=2 processed=2 in_flight=6
2026-08-01 03:38:17,380 INFO alvance_github_crawler.pending.verification: pending candidate witt3rd/oh-my-hermes finished outcome=rejected key_slot=3 processed=3 in_flight=5
2026-08-01 03:38:18,207 INFO alvance_github_crawler.pending.verification: pending candidate hildogjr/KiCost finished outcome=rejected key_slot=1 processed=4 in_flight=4
2026-08-01 03:38:19,887 INFO alvance_github_crawler.pending.verification: verifying pending candidate KatherLab/STAMP key_slot=1
2026-08-01 03:38:22,504 INFO alvance_github_crawler.pending.verification: verifying pending candidate Guts/mkdocs-rss-plugin key_slot=2
2026-08-01 03:38:29,195 INFO alvance_github_crawler.pending.verification: verifying pending candidate pierpo/react-archer key_slot=3
2026-08-01 03:38:33,211 INFO alvance_github_crawler.pending.verification: verifying pending candidate JackBister/logsuck key_slot=1
2026-08-01 03:38:41,019 INFO alvance_github_crawler.pending.verification: verifying pending candidate pruvious/pruvious key_slot=2
2026-08-01 03:38:46,455 INFO alvance_github_crawler.pending.verification: verifying pending candidate jrl84/amazon-sp-api key_slot=3
2026-08-01 03:38:47,435 INFO alvance_github_crawler.pending.verification: pending candidate pruvious/pruvious finished outcome=rejected key_slot=2 processed=5 in_flight=9
2026-08-01 03:38:49,467 INFO alvance_github_crawler.pending.verification: pending candidate poupeaua/otary finished outcome=rejected key_slot=3 processed=6 in_flight=8
2026-08-01 03:38:51,258 INFO alvance_github_crawler.pending.verification: verifying pending candidate artem-mangilev/ngx-vflow key_slot=2
2026-08-01 03:38:59,203 INFO alvance_github_crawler.pending.verification: verifying pending candidate arnonym/ha-plugins key_slot=3
2026-08-01 03:38:59,203 INFO alvance_github_crawler.pending.verification: verifying pending candidate marrink-lab/polyply_1.0 key_slot=1
2026-08-01 03:39:05,890 INFO alvance_github_crawler.pending.verification: pending candidate KatherLab/STAMP finished outcome=rejected key_slot=1 processed=7 in_flight=10
2026-08-01 03:39:08,984 INFO alvance_github_crawler.pending.verification: verifying pending candidate daniel-sc/ng-extract-i18n-merge key_slot=2
2026-08-01 03:39:09,859 INFO alvance_github_crawler.pending.verification: pending candidate jrl84/amazon-sp-api finished outcome=rejected key_slot=3 processed=8 in_flight=10
2026-08-01 03:39:10,281 INFO alvance_github_crawler.pending.verification: pending candidate JackBister/logsuck finished outcome=rejected key_slot=1 processed=9 in_flight=9
2026-08-01 03:39:12,059 INFO alvance_github_crawler.pending.verification: verifying pending candidate intake/intake-esm key_slot=1
2026-08-01 03:39:14,702 INFO alvance_github_crawler.pending.verification: pending candidate arnonym/ha-plugins finished outcome=rejected key_slot=3 processed=10 in_flight=9
2026-08-01 03:39:20,386 INFO alvance_github_crawler.pending.verification: verifying pending candidate google/jaxonnxruntime key_slot=3
2026-08-01 03:39:20,934 INFO alvance_github_crawler.pending.verification: pending candidate SmartThingsCommunity/smartthings-cli finished outcome=rejected key_slot=2 processed=11 in_flight=9
2026-08-01 03:39:22,732 INFO alvance_github_crawler.pending.verification: verifying pending candidate xarray-contrib/pint-xarray key_slot=1
2026-08-01 03:39:24,019 INFO alvance_github_crawler.pending.verification: verifying pending candidate Karandash8/make-argocd-fly key_slot=2
2026-08-01 03:39:30,349 INFO alvance_github_crawler.pending.verification: pending candidate marrink-lab/polyply_1.0 finished outcome=rejected key_slot=1 processed=12 in_flight=10
2026-08-01 03:39:31,571 INFO alvance_github_crawler.pending.verification: pending candidate google/jaxonnxruntime finished outcome=rejected key_slot=3 processed=13 in_flight=9
2026-08-01 03:39:33,170 INFO alvance_github_crawler.pending.verification: verifying pending candidate awslabs/dgl-ke key_slot=3
2026-08-01 03:39:41,452 INFO alvance_github_crawler.pending.verification: pending candidate awslabs/dgl-ke finished outcome=rejected key_slot=3 processed=14 in_flight=9
2026-08-01 03:39:43,522 INFO alvance_github_crawler.pending.verification: pending candidate Karandash8/make-argocd-fly finished outcome=rejected key_slot=2 processed=15 in_flight=8
2026-08-01 03:39:51,899 INFO alvance_github_crawler.pending.verification: pending candidate xarray-contrib/pint-xarray finished outcome=rejected key_slot=1 processed=16 in_flight=7
2026-08-01 03:39:59,137 INFO alvance_github_crawler.pending.verification: pending candidate daniel-sc/ng-extract-i18n-merge finished outcome=rejected key_slot=2 processed=17 in_flight=6
2026-08-01 03:40:21,960 INFO alvance_github_crawler.pending.verification: pending candidate intake/intake-esm finished outcome=rejected key_slot=1 processed=18 in_flight=5
2026-08-01 03:40:48,385 INFO alvance_github_crawler.pending.verification: pending candidate alexbrazier/react-native-network-logger finished outcome=registered key_slot=1 processed=19 in_flight=4
2026-08-01 03:41:11,715 INFO alvance_github_crawler.pending.verification: pending candidate artem-mangilev/ngx-vflow finished outcome=rejected key_slot=2 processed=20 in_flight=3
2026-08-01 03:41:22,733 INFO alvance_github_crawler.pending.verification: pending candidate pierpo/react-archer finished outcome=registered key_slot=3 processed=21 in_flight=2
2026-08-01 03:46:23,382 INFO alvance_github_crawler.pending.verification: pending candidate monitoror/monitoror finished outcome=registered key_slot=3 processed=22 in_flight=1
2026-08-01 03:49:02,408 INFO alvance_github_crawler.pending.verification: pending candidate Guts/mkdocs-rss-plugin finished outcome=rejected key_slot=2 processed=23 in_flight=0
{
  "key_slot_1_processed": 7,
  "key_slot_1_registered": 1,
  "key_slot_1_rejected": 6,
  "key_slot_2_processed": 8,
  "key_slot_2_rejected": 8,
  "key_slot_3_processed": 8,
  "key_slot_3_registered": 2,
  "key_slot_3_rejected": 6,
  "processed": 23,
  "registered": 3,
  "rejected": 20,
  "remaining": 0
}
[2026-08-01T03:49:03Z] stage=verify-default-20260801T033738Z exit_code=0 duration_s=685
