[2026-08-01T21:53:15Z] stage=verify-default-20260801T215315Z run_id=github-mass-production-XBY-20260801
command= env PIPELINE_OUTPUT_DIR=/home/xubingyu/AlvanceGithubCrawler/outputs/github_production_500_unquota PIPELINE_E2B_CPU_COUNT=1 PIPELINE_E2B_MEMORY_MB=1024 PIPELINE_E2B_CONCURRENCY=20 PIPELINE_LANGUAGE_QUOTA_ENABLED=false uv run alvance-github-crawler --verify-pending --e2b-concurrency 20 --verbose
2026-08-01 21:53:18,232 INFO alvance_github_crawler.pending.verification: verifying pending candidate splx-ai/agentic-radar key_slot=1
2026-08-01 21:53:18,233 INFO alvance_github_crawler.pending.verification: verifying pending candidate ahmetoner/whisper-asr-webservice key_slot=2
2026-08-01 21:53:19,615 INFO alvance_github_crawler.pending.verification: verifying pending candidate tarpas/pytest-testmon key_slot=3
2026-08-01 21:53:24,927 INFO alvance_github_crawler.pending.verification: verifying pending candidate testsmt/yinyang key_slot=1
2026-08-01 21:53:39,099 INFO alvance_github_crawler.pending.verification: pending candidate tarpas/pytest-testmon finished outcome=rejected key_slot=3 processed=1 in_flight=3
2026-08-01 21:53:43,431 INFO alvance_github_crawler.pending.verification: verifying pending candidate tadata-org/fastapi_mcp key_slot=3
2026-08-01 21:53:43,446 INFO alvance_github_crawler.pending.verification: pending candidate testsmt/yinyang finished outcome=rejected key_slot=1 processed=2 in_flight=3
2026-08-01 21:53:46,545 INFO alvance_github_crawler.pending.verification: pending candidate ahmetoner/whisper-asr-webservice finished outcome=rejected key_slot=2 processed=3 in_flight=2
2026-08-01 21:53:56,231 INFO alvance_github_crawler.pending.verification: verifying pending candidate saudadez21/novel-downloader key_slot=2
2026-08-01 21:53:58,823 INFO alvance_github_crawler.pending.verification: verifying pending candidate keras-team/keras-tuner key_slot=3
2026-08-01 21:54:00,320 INFO alvance_github_crawler.pending.verification: verifying pending candidate uc-vision/taichi-splatting key_slot=1
2026-08-01 21:54:03,024 INFO alvance_github_crawler.pending.verification: verifying pending candidate pralab/secml_malware key_slot=2
2026-08-01 21:54:12,526 INFO alvance_github_crawler.pending.verification: pending candidate pralab/secml_malware finished outcome=rejected key_slot=2 processed=4 in_flight=5
2026-08-01 21:54:16,919 INFO alvance_github_crawler.pending.verification: pending candidate tadata-org/fastapi_mcp finished outcome=rejected key_slot=3 processed=5 in_flight=4
2026-08-01 21:54:18,990 INFO alvance_github_crawler.pending.verification: pending candidate uc-vision/taichi-splatting finished outcome=rejected key_slot=1 processed=6 in_flight=3
2026-08-01 21:54:26,133 INFO alvance_github_crawler.pending.verification: verifying pending candidate Pabloo22/job_shop_lib key_slot=3
2026-08-01 21:54:26,142 INFO alvance_github_crawler.pending.verification: pending candidate keras-team/keras-tuner finished outcome=rejected key_slot=3 processed=7 in_flight=3
2026-08-01 21:54:27,826 INFO alvance_github_crawler.pending.verification: verifying pending candidate RemiRigal/Plex-Auto-Languages key_slot=1
2026-08-01 21:54:31,829 INFO alvance_github_crawler.pending.verification: verifying pending candidate CassioML/cassio key_slot=2
2026-08-01 21:54:33,272 INFO alvance_github_crawler.pending.verification: verifying pending candidate strawberry-graphql/strawberry-sqlalchemy key_slot=3
2026-08-01 21:54:35,907 INFO alvance_github_crawler.pending.verification: pending candidate RemiRigal/Plex-Auto-Languages finished outcome=rejected key_slot=1 processed=8 in_flight=5
2026-08-01 21:54:36,958 INFO alvance_github_crawler.pending.verification: pending candidate Pabloo22/job_shop_lib finished outcome=rejected key_slot=3 processed=9 in_flight=4
2026-08-01 21:54:44,402 INFO alvance_github_crawler.pending.verification: pending candidate saudadez21/novel-downloader finished outcome=rejected key_slot=2 processed=10 in_flight=3
2026-08-01 21:55:03,712 INFO alvance_github_crawler.pending.verification: verifying pending candidate tillsteinbach/WeConnect-python key_slot=1
2026-08-01 21:55:03,713 INFO alvance_github_crawler.pending.verification: verifying pending candidate mkdocs-publisher/mkdocs-publisher key_slot=2
2026-08-01 21:55:13,104 INFO alvance_github_crawler.pending.verification: pending candidate CassioML/cassio finished outcome=rejected key_slot=2 processed=11 in_flight=4
2026-08-01 21:55:20,254 INFO alvance_github_crawler.pending.verification: pending candidate splx-ai/agentic-radar finished outcome=registered key_slot=1 processed=12 in_flight=3
2026-08-01 21:55:21,984 INFO alvance_github_crawler.pending.verification: pending candidate strawberry-graphql/strawberry-sqlalchemy finished outcome=rejected key_slot=3 processed=13 in_flight=2
2026-08-01 21:55:26,452 INFO alvance_github_crawler.pending.verification: pending candidate tillsteinbach/WeConnect-python finished outcome=rejected key_slot=1 processed=14 in_flight=1
2026-08-01 21:55:59,861 INFO alvance_github_crawler.pending.verification: pending candidate mkdocs-publisher/mkdocs-publisher finished outcome=registered key_slot=2 processed=15 in_flight=0
{
  "key_slot_1_processed": 5,
  "key_slot_1_registered": 1,
  "key_slot_1_rejected": 4,
  "key_slot_2_processed": 5,
  "key_slot_2_registered": 1,
  "key_slot_2_rejected": 4,
  "key_slot_3_processed": 5,
  "key_slot_3_rejected": 5,
  "processed": 15,
  "registered": 2,
  "rejected": 13,
  "remaining": 0
}
[2026-08-01T21:56:01Z] stage=verify-default-20260801T215315Z exit_code=0 duration_s=166
