[2026-08-01T04:31:37Z] stage=verify-default-20260801T043137Z run_id=github-mass-production-XBY-20260801
command= env PIPELINE_OUTPUT_DIR=/home/xubingyu/AlvanceGithubCrawler/outputs/github_production_500_unquota PIPELINE_E2B_CPU_COUNT=1 PIPELINE_E2B_MEMORY_MB=1024 PIPELINE_E2B_CONCURRENCY=20 PIPELINE_LANGUAGE_QUOTA_ENABLED=false uv run alvance-github-crawler --verify-pending --e2b-concurrency 20 --verbose
2026-08-01 04:31:39,807 INFO alvance_github_crawler.pending.verification: verifying pending candidate skanaar/nomnoml key_slot=1
2026-08-01 04:31:59,473 INFO alvance_github_crawler.pending.verification: verifying pending candidate Phylliade/ikpy key_slot=2
2026-08-01 04:32:25,841 INFO alvance_github_crawler.pending.verification: verifying pending candidate airbus/scikit-decide key_slot=3
2026-08-01 04:32:27,834 INFO alvance_github_crawler.pending.verification: pending candidate skanaar/nomnoml finished outcome=registered key_slot=1 processed=1 in_flight=2
2026-08-01 04:32:28,147 INFO alvance_github_crawler.pending.verification: verifying pending candidate algoo/preview-generator key_slot=1
2026-08-01 04:32:43,570 INFO alvance_github_crawler.pending.verification: pending candidate Phylliade/ikpy finished outcome=rejected key_slot=2 processed=2 in_flight=2
2026-08-01 04:32:44,580 INFO alvance_github_crawler.pending.verification: pending candidate algoo/preview-generator finished outcome=rejected key_slot=1 processed=3 in_flight=1
2026-08-01 04:34:45,423 INFO alvance_github_crawler.pending.verification: pending candidate airbus/scikit-decide finished outcome=rejected key_slot=3 processed=4 in_flight=0
{
  "key_slot_1_processed": 2,
  "key_slot_1_registered": 1,
  "key_slot_1_rejected": 1,
  "key_slot_2_processed": 1,
  "key_slot_2_rejected": 1,
  "key_slot_3_processed": 1,
  "key_slot_3_rejected": 1,
  "processed": 4,
  "registered": 1,
  "rejected": 3,
  "remaining": 0
}
[2026-08-01T04:34:46Z] stage=verify-default-20260801T043137Z exit_code=0 duration_s=189
