[2026-07-30T18:53:58Z] stage=verify-default-20260730T185358Z run_id=github-mass-production-XBY-20260730
command= env PIPELINE_OUTPUT_DIR=/home/xubingyu/AlvanceGithubCrawler/outputs/github_production_500_unquota PIPELINE_E2B_CPU_COUNT=1 PIPELINE_E2B_MEMORY_MB=1024 PIPELINE_E2B_CONCURRENCY=20 PIPELINE_LANGUAGE_QUOTA_ENABLED=false uv run alvance-github-crawler --verify-pending --e2b-concurrency 20 --verbose
2026-07-30 18:54:00,400 INFO alvance_github_crawler.pending.verification: verifying pending candidate go-echarts/go-echarts key_slot=1
2026-07-30 18:54:00,401 INFO alvance_github_crawler.pending.verification: verifying pending candidate jedib0t/go-pretty key_slot=2
2026-07-30 18:54:00,402 INFO alvance_github_crawler.pending.verification: verifying pending candidate videolabs/mirrorbits key_slot=3
2026-07-30 18:54:00,406 INFO alvance_github_crawler.pending.verification: verifying pending candidate pokanop/nostromo key_slot=1
2026-07-30 18:54:00,410 INFO alvance_github_crawler.pending.verification: verifying pending candidate ffuf/ffuf key_slot=2
2026-07-30 18:54:00,412 INFO alvance_github_crawler.pending.verification: verifying pending candidate moonD4rk/HackBrowserData key_slot=3
2026-07-30 18:54:00,413 INFO alvance_github_crawler.pending.verification: verifying pending candidate zekroTJA/shinpuru key_slot=1
2026-07-30 18:54:00,416 INFO alvance_github_crawler.pending.verification: verifying pending candidate github/freno key_slot=2
2026-07-30 18:54:00,417 INFO alvance_github_crawler.pending.verification: verifying pending candidate silenceper/wechat key_slot=3
2026-07-30 18:54:00,419 INFO alvance_github_crawler.pending.verification: verifying pending candidate apache/incubator-seata-go key_slot=1
2026-07-30 18:54:00,421 INFO alvance_github_crawler.pending.verification: verifying pending candidate thieu1995/mealpy key_slot=2
2026-07-30 18:54:00,425 INFO alvance_github_crawler.pending.verification: verifying pending candidate aws-solutions/instance-scheduler-on-aws key_slot=3
2026-07-30 18:54:00,426 INFO alvance_github_crawler.pending.verification: verifying pending candidate GoogleCloudPlatform/solution-acceleration-toolkit key_slot=1
2026-07-30 18:54:00,428 INFO alvance_github_crawler.pending.verification: verifying pending candidate arran4/golang-ical key_slot=2
2026-07-30 18:54:00,430 INFO alvance_github_crawler.pending.verification: verifying pending candidate indeedeng/iwf key_slot=3
2026-07-30 18:54:00,432 INFO alvance_github_crawler.pending.verification: verifying pending candidate xjasonlyu/tun2socks key_slot=1
2026-07-30 18:54:00,434 INFO alvance_github_crawler.pending.verification: verifying pending candidate parvez3019/go-swagger3 key_slot=2
2026-07-30 18:54:00,439 INFO alvance_github_crawler.pending.verification: verifying pending candidate google/fscrypt key_slot=3
2026-07-30 18:54:00,441 INFO alvance_github_crawler.pending.verification: verifying pending candidate adamchainz/django-mysql key_slot=1
2026-07-30 18:54:00,443 INFO alvance_github_crawler.pending.verification: verifying pending candidate gruntwork-io/git-xargs key_slot=2
2026-07-30 18:54:00,449 INFO alvance_github_crawler.pending.verification: verifying pending candidate amitsaha/gitbackup key_slot=3
2026-07-30 18:54:00,461 INFO alvance_github_crawler.pending.verification: verifying pending candidate aksiksi/compose2nix key_slot=1
2026-07-30 18:54:00,467 INFO alvance_github_crawler.pending.verification: verifying pending candidate plgd-dev/go-coap key_slot=2
2026-07-30 18:54:00,476 INFO alvance_github_crawler.pending.verification: verifying pending candidate joelmoss/proscenium key_slot=3
2026-07-30 18:54:00,477 INFO alvance_github_crawler.pending.verification: verifying pending candidate tibiadata/tibiadata-api-go key_slot=1
2026-07-30 18:54:03,197 INFO alvance_github_crawler.pending.verification: verifying pending candidate shashwatak/satellite-js key_slot=2
2026-07-30 18:54:11,715 INFO alvance_github_crawler.pending.verification: pending candidate pokanop/nostromo finished outcome=error key_slot=1 processed=1 in_flight=25
2026-07-30 18:54:12,668 INFO alvance_github_crawler.pending.verification: pending candidate videolabs/mirrorbits finished outcome=error key_slot=3 processed=2 in_flight=24
2026-07-30 18:54:12,935 INFO alvance_github_crawler.pending.verification: verifying pending candidate mholt/caddy-dynamicdns key_slot=3
2026-07-30 18:54:12,935 INFO alvance_github_crawler.pending.verification: pending candidate ffuf/ffuf finished outcome=error key_slot=2 processed=3 in_flight=24
2026-07-30 18:54:13,234 INFO alvance_github_crawler.pending.verification: pending candidate moonD4rk/HackBrowserData finished outcome=error key_slot=3 processed=4 in_flight=23
2026-07-30 18:54:13,535 INFO alvance_github_crawler.pending.verification: pending candidate jedib0t/go-pretty finished outcome=error key_slot=2 processed=5 in_flight=22
2026-07-30 18:54:13,804 INFO alvance_github_crawler.pending.verification: pending candidate go-echarts/go-echarts finished outcome=error key_slot=1 processed=6 in_flight=21
2026-07-30 18:54:15,833 INFO alvance_github_crawler.pending.verification: pending candidate arran4/golang-ical finished outcome=error key_slot=2 processed=7 in_flight=20
2026-07-30 18:54:16,244 INFO alvance_github_crawler.pending.verification: pending candidate GoogleCloudPlatform/solution-acceleration-toolkit finished outcome=error key_slot=1 processed=8 in_flight=19
2026-07-30 18:54:16,716 INFO alvance_github_crawler.pending.verification: pending candidate aws-solutions/instance-scheduler-on-aws finished outcome=rejected key_slot=3 processed=9 in_flight=18
2026-07-30 18:54:17,055 INFO alvance_github_crawler.pending.verification: pending candidate silenceper/wechat finished outcome=error key_slot=3 processed=10 in_flight=17
2026-07-30 18:54:17,507 INFO alvance_github_crawler.pending.verification: pending candidate apache/incubator-seata-go finished outcome=error key_slot=1 processed=11 in_flight=16
2026-07-30 18:54:20,268 INFO alvance_github_crawler.pending.verification: pending candidate github/freno finished outcome=error key_slot=2 processed=12 in_flight=15
2026-07-30 18:54:22,630 INFO alvance_github_crawler.pending.verification: pending candidate zekroTJA/shinpuru finished outcome=error key_slot=1 processed=13 in_flight=14
2026-07-30 18:54:37,955 INFO alvance_github_crawler.pending.verification: pending candidate adamchainz/django-mysql finished outcome=rejected key_slot=1 processed=14 in_flight=13
2026-07-30 18:54:44,639 INFO alvance_github_crawler.pending.verification: pending candidate shashwatak/satellite-js finished outcome=rejected key_slot=2 processed=15 in_flight=12
2026-07-30 18:54:47,549 INFO alvance_github_crawler.pending.verification: pending candidate google/fscrypt finished outcome=rejected key_slot=3 processed=16 in_flight=11
2026-07-30 18:54:50,339 INFO alvance_github_crawler.pending.verification: verifying pending candidate unjs/db0 key_slot=3
2026-07-30 18:54:55,484 INFO alvance_github_crawler.pending.verification: pending candidate tibiadata/tibiadata-api-go finished outcome=rejected key_slot=1 processed=17 in_flight=11
2026-07-30 18:54:56,065 INFO alvance_github_crawler.pending.verification: pending candidate unjs/db0 finished outcome=rejected key_slot=3 processed=18 in_flight=10
2026-07-30 18:55:11,795 ERROR alvance_github_crawler.e2b.verification: joelmoss/proscenium failed during stage5_e2b_benchmark
Traceback (most recent call last):
  File "/home/xubingyu/AlvanceGithubCrawler/src/alvance_github_crawler/e2b/benchmark.py", line 140, in run
    memory_log = sandbox.files.read("/tmp/time.log")
  File "/home/xubingyu/AlvanceGithubCrawler/.venv/lib/python3.13/site-packages/e2b/sandbox_sync/filesystem/filesystem.py", line 260, in read
    raise err
e2b.exceptions.FileNotFoundException: path '/tmp/time.log' does not exist

The above exception was the direct cause of the following exception:

Traceback (most recent call last):
  File "/home/xubingyu/AlvanceGithubCrawler/src/alvance_github_crawler/e2b/verification.py", line 137, in verify
    benchmark = self.benchmark.run(
        environment.repository_template,
    ...<2 lines>...
        user=environment.execution_user,
    )
  File "/home/xubingyu/AlvanceGithubCrawler/src/alvance_github_crawler/e2b/benchmark.py", line 156, in run
    raise RuntimeError(
        f"E2B infrastructure error during benchmark run: {exc}"
    ) from exc
RuntimeError: E2B infrastructure error during benchmark run: path '/tmp/time.log' does not exist
2026-07-30 18:55:11,827 INFO alvance_github_crawler.pending.verification: pending candidate joelmoss/proscenium finished outcome=error key_slot=3 processed=19 in_flight=9
2026-07-30 18:55:26,987 INFO alvance_github_crawler.pending.verification: verifying pending candidate unjs/automd key_slot=3
2026-07-30 18:55:32,545 INFO alvance_github_crawler.pending.verification: pending candidate unjs/automd finished outcome=rejected key_slot=3 processed=20 in_flight=9
2026-07-30 18:56:10,395 INFO alvance_github_crawler.pending.verification: verifying pending candidate open-wc/open-wc key_slot=3
2026-07-30 18:56:34,186 INFO alvance_github_crawler.pending.verification: pending candidate plgd-dev/go-coap finished outcome=rejected key_slot=2 processed=21 in_flight=9
2026-07-30 18:56:36,272 INFO alvance_github_crawler.pending.verification: pending candidate parvez3019/go-swagger3 finished outcome=registered key_slot=2 processed=22 in_flight=8
2026-07-30 18:56:55,462 INFO alvance_github_crawler.pending.verification: pending candidate aksiksi/compose2nix finished outcome=registered key_slot=1 processed=23 in_flight=7
2026-07-30 18:57:22,577 INFO alvance_github_crawler.pending.verification: pending candidate amitsaha/gitbackup finished outcome=registered key_slot=3 processed=24 in_flight=6
2026-07-30 18:57:26,477 INFO alvance_github_crawler.pending.verification: pending candidate xjasonlyu/tun2socks finished outcome=registered key_slot=1 processed=25 in_flight=5
2026-07-30 18:57:31,689 INFO alvance_github_crawler.pending.verification: verifying pending candidate rkyv/rkyv key_slot=3
2026-07-30 18:57:49,361 INFO alvance_github_crawler.pending.verification: pending candidate rkyv/rkyv finished outcome=rejected key_slot=3 processed=26 in_flight=5
2026-07-30 18:57:53,271 INFO alvance_github_crawler.pending.verification: verifying pending candidate c3rb3ru5d3d53c/binlex key_slot=3
2026-07-30 18:57:54,523 INFO alvance_github_crawler.pending.verification: pending candidate gruntwork-io/git-xargs finished outcome=rejected key_slot=2 processed=27 in_flight=5
2026-07-30 18:58:00,933 INFO alvance_github_crawler.pending.verification: verifying pending candidate kafka-rust/kafka-rust key_slot=3
2026-07-30 18:58:01,610 INFO alvance_github_crawler.pending.verification: pending candidate c3rb3ru5d3d53c/binlex finished outcome=rejected key_slot=3 processed=28 in_flight=5
2026-07-30 18:58:11,584 INFO alvance_github_crawler.pending.verification: pending candidate open-wc/open-wc finished outcome=rejected key_slot=3 processed=29 in_flight=4
2026-07-30 18:58:14,255 INFO alvance_github_crawler.pending.verification: verifying pending candidate whisperfish/rust-phonenumber key_slot=3
2026-07-30 18:58:21,904 INFO alvance_github_crawler.pending.verification: pending candidate thieu1995/mealpy finished outcome=registered key_slot=2 processed=30 in_flight=4
2026-07-30 18:58:25,793 INFO alvance_github_crawler.pending.verification: verifying pending candidate martinohmann/hcl-rs key_slot=3
2026-07-30 18:58:28,394 INFO alvance_github_crawler.pending.verification: verifying pending candidate iobroker-community-adapters/ioBroker.mihome-vacuum key_slot=3
2026-07-30 18:58:51,941 INFO alvance_github_crawler.pending.verification: verifying pending candidate grafbase/grafbase key_slot=3
2026-07-30 18:58:53,491 INFO alvance_github_crawler.pending.verification: pending candidate iobroker-community-adapters/ioBroker.mihome-vacuum finished outcome=rejected key_slot=3 processed=31 in_flight=6
2026-07-30 18:59:25,103 INFO alvance_github_crawler.pending.verification: verifying pending candidate jubako/arx key_slot=3
2026-07-30 18:59:43,949 INFO alvance_github_crawler.pending.verification: verifying pending candidate EmbarkStudios/cargo-about key_slot=3
2026-07-30 19:00:18,176 INFO alvance_github_crawler.pending.verification: verifying pending candidate rossmacarthur/sheldon key_slot=3
2026-07-30 19:00:26,946 INFO alvance_github_crawler.pending.verification: pending candidate jubako/arx finished outcome=rejected key_slot=3 processed=32 in_flight=8
2026-07-30 19:00:28,501 INFO alvance_github_crawler.pending.verification: pending candidate mholt/caddy-dynamicdns finished outcome=registered key_slot=3 processed=33 in_flight=7
2026-07-30 19:01:45,570 INFO alvance_github_crawler.pending.verification: pending candidate kafka-rust/kafka-rust finished outcome=registered key_slot=3 processed=34 in_flight=6
2026-07-30 19:01:48,762 INFO alvance_github_crawler.pending.verification: pending candidate EmbarkStudios/cargo-about finished outcome=rejected key_slot=3 processed=35 in_flight=5
2026-07-30 19:02:06,106 INFO alvance_github_crawler.pending.verification: pending candidate martinohmann/hcl-rs finished outcome=registered key_slot=3 processed=36 in_flight=4
2026-07-30 19:04:57,875 INFO alvance_github_crawler.pending.verification: pending candidate whisperfish/rust-phonenumber finished outcome=registered key_slot=3 processed=37 in_flight=3
2026-07-30 19:07:33,303 INFO alvance_github_crawler.pending.verification: pending candidate rossmacarthur/sheldon finished outcome=rejected key_slot=3 processed=38 in_flight=2
2026-07-30 19:10:06,981 INFO alvance_github_crawler.pending.verification: pending candidate indeedeng/iwf finished outcome=rejected key_slot=3 processed=39 in_flight=1
2026-07-30 19:18:11,548 INFO alvance_github_crawler.pending.verification: pending candidate grafbase/grafbase finished outcome=rejected key_slot=3 processed=40 in_flight=0
{
  "error": 13,
  "exhausted": 12,
  "key_slot_1_error": 5,
  "key_slot_1_processed": 9,
  "key_slot_1_registered": 2,
  "key_slot_1_rejected": 2,
  "key_slot_2_error": 4,
  "key_slot_2_processed": 9,
  "key_slot_2_registered": 2,
  "key_slot_2_rejected": 3,
  "key_slot_3_error": 4,
  "key_slot_3_processed": 22,
  "key_slot_3_registered": 5,
  "key_slot_3_rejected": 13,
  "key_slots_halted": 2,
  "processed": 40,
  "registered": 9,
  "rejected": 18,
  "remaining": 1
}
[2026-07-30T19:18:12Z] stage=verify-default-20260730T185358Z exit_code=0 duration_s=1454
