[2026-07-31T13:06:42Z] stage=prescreen-31000 run_id=github-mass-production-XBY-20260731
command= env PIPELINE_OUTPUT_DIR=/home/xubingyu/AlvanceGithubCrawler/outputs/github_production_500_unquota PIPELINE_LANGUAGE_QUOTA_ENABLED=false PIPELINE_PRESCREEN_CONCURRENCY=20 uv run alvance-github-crawler produce --input /home/xubingyu/AlvanceGithubCrawler/outputs/github_crawl_500_unquota/accepted_repositories.jsonl --prescreen-concurrency 20 --defer-e2b --verbose
2026-07-31 13:06:46,368 INFO alvance_github_crawler.pipeline: processing crawled candidate HKUDS/RAG-Anything@65b7ffdeb801309d4c87b6accf81bfe5cd9b175d
2026-07-31 13:06:46,372 INFO alvance_github_crawler.pipeline: processing crawled candidate PaddlePaddle/PaddleSpeech@6b25a400008d393f9c3af837b3c692b17f29ee1a
2026-07-31 13:06:46,375 INFO alvance_github_crawler.pipeline: processing crawled candidate django-import-export/django-import-export@9f262a4e2f1bdfd9a260baf3d6a0d6c9f265b09d
2026-07-31 13:06:46,377 INFO alvance_github_crawler.pipeline: processing crawled candidate slackapi/bolt-python@a2f21ae4b1d1d63a6a5dc533aa53a8c4badd103d
2026-07-31 13:06:46,379 INFO alvance_github_crawler.pipeline: processing crawled candidate agi-brain/xuance@9ba171dbe368b0ba523d65f83caa9133bd867c1a
2026-07-31 13:06:46,381 INFO alvance_github_crawler.pipeline: processing crawled candidate AdnaneKhan/gato-x@d5934667f448004aeb664f19725eb2f4ac267839
2026-07-31 13:06:46,384 INFO alvance_github_crawler.pipeline: processing crawled candidate sertit/eoreader@f947c979eea7f66cfafeeb8a73ecd1bb1c4a1daa
2026-07-31 13:06:46,386 INFO alvance_github_crawler.pipeline: processing crawled candidate AllenInstitute/bmtk@829a825507a0431459c0a033753061b7dd8b3121
2026-07-31 13:06:46,388 INFO alvance_github_crawler.pipeline: processing crawled candidate nbara/python-meegkit@8c9d44963e88140931ab8287e71611a6a010fb67
2026-07-31 13:06:46,391 INFO alvance_github_crawler.pipeline: processing crawled candidate qTipTip/Pylette@04701a7706c8375513448e92c7496321984b2039
2026-07-31 13:06:46,394 INFO alvance_github_crawler.pipeline: processing crawled candidate pydap/pydap@990227107b8f0e5f8a763ff561a8efe626416655
2026-07-31 13:06:46,396 INFO alvance_github_crawler.pipeline: processing crawled candidate MannLabs/scPortrait@1558a5105b5905b4bdd9965ec23ef521900d342c
2026-07-31 13:06:46,398 INFO alvance_github_crawler.pipeline: processing crawled candidate nlweb-ai/NLWeb@b423f15d9aeaa023ce75993ac9deed2354597043
2026-07-31 13:06:46,401 INFO alvance_github_crawler.pipeline: processing crawled candidate mozillazg/python-pinyin@8595294b1a97845e30f11ecfdb3caa4e61ac3988
2026-07-31 13:06:46,402 INFO alvance_github_crawler.pipeline: processing crawled candidate liiight/notifiers@da28661f787a0a923588852a5f1ea54bd1a0b7f9
2026-07-31 13:06:46,409 INFO alvance_github_crawler.pipeline: processing crawled candidate jazzband/django-push-notifications@7ed4c44bb3111be6791ebb5aba9f6c3bfe71749d
2026-07-31 13:06:46,411 INFO alvance_github_crawler.pipeline: processing crawled candidate jazzband/django-formtools@c0a969388c87ca9338783e39c1fca91979563a8f
2026-07-31 13:06:46,413 INFO alvance_github_crawler.pipeline: processing crawled candidate 2captcha/2captcha-python@259a025810cdf6c1799b8e23b6177b03cde61994
2026-07-31 13:06:46,416 INFO alvance_github_crawler.pipeline: processing crawled candidate EleutherAI/sparsify@42c064525b1cdd2b97f4a4807e247e89025d552c
2026-07-31 13:06:46,419 INFO alvance_github_crawler.pipeline: processing crawled candidate CenterForOpenScience/osf.io@d43a0f61a49f4e4bac3d78d3f02e9590e358b6ec
2026-07-31 13:06:47,527 INFO alvance_github_crawler.pipeline: processing crawled candidate fabiocaccamo/django-colorfield@9305645c368af4e108880651486d162b22f2db7e
2026-07-31 13:06:47,542 INFO alvance_github_crawler.pipeline: processing crawled candidate drivendataorg/cloudpathlib@9d5fa708814adea1cb956ff4843eb466fbb21738
2026-07-31 13:06:47,564 INFO alvance_github_crawler.pipeline: processing crawled candidate getmeridian/meridian@4b868fbacfd38a240304d9b928489af91646cbde
2026-07-31 13:06:47,614 INFO alvance_github_crawler.pipeline: processing crawled candidate techouse/sqlite3-to-mysql@bcd6394065570660e83ed0edf04c9e324cec873a
2026-07-31 13:06:47,636 INFO alvance_github_crawler.pipeline: processing crawled candidate kyuridenamida/atcoder-tools@00a20b187dc14eb43ddad3b6a49dd92e49ff0f6a
2026-07-31 13:06:47,725 INFO alvance_github_crawler.pipeline: processing crawled candidate DataDog/supply-chain-firewall@9c0850a5e8f12466e2bb20013c293885901770d0
2026-07-31 13:06:49,189 INFO alvance_github_crawler.pipeline: processing crawled candidate conda/grayskull@bcd7215480bb784fec0f6a63614ccc779a98de13
2026-07-31 13:06:51,268 INFO alvance_github_crawler.pipeline: processing crawled candidate containers/podman-py@8d5ea3a7377431fc35988b7fa8a519f27dbda60b
2026-07-31 13:06:53,460 INFO alvance_github_crawler.pipeline: processing crawled candidate facebookresearch/recipes@002617856dede6e1828be7ef47deb7c8589bcaa6
2026-07-31 13:06:53,654 INFO alvance_github_crawler.pipeline: processing crawled candidate microsoft/debug-gym@cc3fe3ef4ce08919e522eb00ea1bea5689f3b53e
2026-07-31 13:06:56,207 INFO alvance_github_crawler.pipeline: processing crawled candidate regionmask/regionmask@05d389b53c6cf1a77cf5aaa2c489938c5eb4d230
2026-07-31 13:07:01,092 INFO alvance_github_crawler.pipeline: processing crawled candidate jazzband/django-fsm-log@27d6437d089a271c82497c2b8d751244edad090f
2026-07-31 13:07:02,762 INFO alvance_github_crawler.pipeline: processing crawled candidate alexprengere/currencyconverter@633be0dd67a1e035e9ca105b140ba70afbb02cb3
2026-07-31 13:07:03,833 INFO alvance_github_crawler.pipeline: processing crawled candidate ot-triton-lab/flash-sinkhorn@82a6d32f43f136c5db195b27be474c477a28f37f
2026-07-31 13:07:06,201 INFO alvance_github_crawler.pipeline: processing crawled candidate Vonage/vonage-python-sdk@030ad304a199b6b8675dac7a6cf45c2804846790
2026-07-31 13:07:09,711 INFO alvance_github_crawler.pipeline: processing crawled candidate Miguok/fable-harness@9b949b34f6c8a1bb573cd751d85a74e2ef1c176c
2026-07-31 13:07:10,608 INFO alvance_github_crawler.pipeline: processing crawled candidate mozilla-ai/document-to-podcast@27557c6710b9e8b781ca4290f4a7f9ea0fccbc8b
2026-07-31 13:07:11,540 INFO alvance_github_crawler.pipeline: processing crawled candidate mlcommons/medperf@8599a3fddcddf2c261101374d7bef4065d80127f
2026-07-31 13:07:12,149 INFO alvance_github_crawler.pipeline: processing crawled candidate infinition/bjorn-detector@9e302dcdc576a11ddafef17b638eb1e1fb8e809b
2026-07-31 13:07:14,468 INFO alvance_github_crawler.pipeline: processing crawled candidate jazzband/django-fernet-encrypted-fields@fb8f3bf51eb4bb03ffc6afa0ebcc8dfa55f3dc44
2026-07-31 13:07:14,611 INFO alvance_github_crawler.pipeline: processing crawled candidate Knowledgator/GLinker@a781ca53d04f4bbbdbe9f7b0f3fd5a14138281ad
2026-07-31 13:07:16,230 INFO alvance_github_crawler.pipeline: processing crawled candidate nonebot/plugin-alconna@a0f22759196b6beeffc8df352da332fafa7847d0
2026-07-31 13:07:16,422 INFO alvance_github_crawler.pipeline: processing crawled candidate nilmtk/nilmtk-contrib@14efd545e09d836e02159b23444350af92c6ee70
2026-07-31 13:07:17,710 INFO alvance_github_crawler.pipeline: processing crawled candidate dagster-io/project-dagster-university@06bf7d4927058e71862a36d188f5de568a81c7dc
2026-07-31 13:07:18,360 INFO alvance_github_crawler.pipeline: processing crawled candidate xarray-contrib/xdggs@e80541f9277449bf90b02c78d0c6018a72780bca
2026-07-31 13:07:20,787 INFO alvance_github_crawler.pipeline: processing crawled candidate OCR-D/core@85ce981d3f10b9889627524c3e3c47dad6b57929
2026-07-31 13:07:20,963 INFO alvance_github_crawler.pipeline: processing crawled candidate MarcoGorelli/auto-walrus@db564ddbbee0738782a261917ebf4101b9959d35
2026-07-31 13:07:22,778 INFO alvance_github_crawler.pipeline: processing crawled candidate artefactory/choice-learn@e45b330a42ac2c3566ce9cf7cd9acf95b79df761
2026-07-31 13:07:22,914 INFO alvance_github_crawler.pipeline: processing crawled candidate geoxarray/geoxarray@1a1fe072bc26d904dc0ca18e8deb4e2268fe4e8d
2026-07-31 13:07:24,144 INFO alvance_github_crawler.pipeline: processing crawled candidate zxcalc/zxlive@29a8c3c91dd424ce3595aa7178ba375e6c9553b9
2026-07-31 13:07:25,301 INFO alvance_github_crawler.pipeline: processing crawled candidate zu1k/nali@3ffaface71b65e8d68663192bb6bb6233de1d110
2026-07-31 13:07:27,424 INFO alvance_github_crawler.pipeline: processing crawled candidate kisielk/errcheck@6e4cd893c1d21befe7deebe03e93e8a1d95248c8
2026-07-31 13:07:30,333 INFO alvance_github_crawler.pipeline: processing crawled candidate hashicorp/go-retryablehttp@fd004584a46724fae09e2f21d7c382e15c893f42
2026-07-31 13:07:30,945 INFO alvance_github_crawler.pipeline: processing crawled candidate naggie/dstask@cdfd902d8439ba750d4425dc403e1f74b7e7c024
2026-07-31 13:07:32,717 INFO alvance_github_crawler.pipeline: processing crawled candidate zelenin/go-tdlib@0dd3ea652682d88a953cfff83f7447a2cbd14ac2
2026-07-31 13:07:33,427 INFO alvance_github_crawler.pipeline: processing crawled candidate gochain/web3@c9ac2019fadb9eedfec94b5cee19542f1ee51065
2026-07-31 13:07:34,358 INFO alvance_github_crawler.pipeline: processing crawled candidate fumiyas/qrc@95a87f6fa43a6889717bc761f3eef42394191f1e
2026-07-31 13:07:35,676 INFO alvance_github_crawler.pipeline: processing crawled candidate auyer/steganography@4290c1099176168808908434a136e761573b3199
2026-07-31 13:07:36,201 INFO alvance_github_crawler.pipeline: processing crawled candidate DeanThompson/ginpprof@6416bbab1bfca234dfb80a3852795bbae8ba8c82
2026-07-31 13:07:37,043 INFO alvance_github_crawler.pipeline: processing crawled candidate hjbdev/pvm@c6ee68476ab05d71d2d11c13aa8348b33ad6a47c
2026-07-31 13:07:37,627 INFO alvance_github_crawler.pipeline: processing crawled candidate czerwonk/bird_exporter@34f00580b3fd97ca87ae4c8192ed56c70027d709
2026-07-31 13:07:37,925 INFO alvance_github_crawler.pipeline: processing crawled candidate rshelekhov/lazymake@bf47b0d12d3c4f4841e3e32b0a455c0f9cf5aacb
2026-07-31 13:07:38,666 INFO alvance_github_crawler.pipeline: processing crawled candidate xxjwxc/public@60fc0bdec8a7d1872fd748203420a6fa3164a800
2026-07-31 13:07:39,606 INFO alvance_github_crawler.pipeline: processing crawled candidate dubbogo/gost@3412137fcc478d2f80a93ea167c3050ae2d899f8
2026-07-31 13:07:40,424 INFO alvance_github_crawler.pipeline: processing crawled candidate calvinmclean/babyapi@e82e36c01daab6d9e972ddb38146ec3cf5b16374
2026-07-31 13:07:41,582 INFO alvance_github_crawler.pipeline: processing crawled candidate hashicorp/vault-client-go@a0f17ccb92501f7b7ad1bf5188b404383f08a45f
2026-07-31 13:07:42,834 INFO alvance_github_crawler.pipeline: processing crawled candidate dinoDanic/diny@a052414dd204ac927fa5ef58dd2865738b9d574a
2026-07-31 13:07:43,582 INFO alvance_github_crawler.pipeline: processing crawled candidate anatol/vmtest@0d3e5bd9399c9f1c89d935e2cbc6b3427a6d09e2
2026-07-31 13:07:44,943 INFO alvance_github_crawler.pipeline: processing crawled candidate itsrenoria/robofuse@b842a0a0143460f29c270e501c22728e706bc697
2026-07-31 13:07:45,365 INFO alvance_github_crawler.pipeline: processing crawled candidate 256dpi/gomqtt@261dabf4be9d428032d6db3e567f3b11fe8e4fee
2026-07-31 13:07:45,612 INFO alvance_github_crawler.pipeline: processing crawled candidate quii/learn-go-with-tests@dc00c650f66695f7b8cc2e8c8234be177d7b28c6
2026-07-31 13:07:48,081 INFO alvance_github_crawler.pipeline: processing crawled candidate fsnotify/fsnotify@20b1e15ef3c70caeb37ea2bd184f48ef8382669e
2026-07-31 13:07:49,130 INFO alvance_github_crawler.pipeline: processing crawled candidate awnumar/memguard@a5d81463bf244cf7b7867ecc599028659effe072
2026-07-31 13:07:50,184 INFO alvance_github_crawler.pipeline: processing crawled candidate annamedv/red@a204f49f0d76963b6cd12b15bee598a71488f965
2026-07-31 13:07:51,071 INFO alvance_github_crawler.pipeline: processing crawled candidate k8spacket/k8spacket@8e49a88ab6c174ae9ffdb39898f6eb7f99c2a046
2026-07-31 13:07:51,816 INFO alvance_github_crawler.pipeline: processing crawled candidate trzsz/trzsz-go@4432ed0e72daac44930bf771c7fd61ab197df08e
2026-07-31 13:07:51,973 INFO alvance_github_crawler.pipeline: processing crawled candidate pkoukk/tiktoken-go@200cf60c816fc8f524e71c5ef4278e0a53c7b7a3
2026-07-31 13:07:53,299 INFO alvance_github_crawler.pipeline: processing crawled candidate kubewharf/kubeadmiral@77bd7238f3ffaabbf9d42cf8818387d55cabbd95
2026-07-31 13:07:54,128 INFO alvance_github_crawler.pipeline: processing crawled candidate josephspurrier/goversioninfo@b66839b92ddd6c4098296d76c155715510a1563c
2026-07-31 13:07:55,083 INFO alvance_github_crawler.pipeline: processing crawled candidate deadsy/sdfx@f1074dad616762e5abdfc6268b90167129596899
2026-07-31 13:07:56,208 INFO alvance_github_crawler.pipeline: processing crawled candidate jittering/traefik-kop@6c9397d346f0bcf2e5cd3a1d1a2c19f2380d270d
2026-07-31 13:07:57,714 INFO alvance_github_crawler.pipeline: processing crawled candidate hashicorp/damon@d092148b815d4c3dd70fac90dda8c86163a2140d
2026-07-31 13:07:58,442 INFO alvance_github_crawler.pipeline: processing crawled candidate uber-go/config@ec2a4f013ddc6f87cb2dbc59da8f4d5c423aa786
2026-07-31 13:07:58,457 INFO alvance_github_crawler.pipeline: processing crawled candidate kubernetes-sigs/cluster-capacity@067e406c089a58f819e0f2e0f211cced2761555e
2026-07-31 13:07:59,654 INFO alvance_github_crawler.pipeline: processing crawled candidate HugoSmits86/nativewebp@732aa4ca729d1f9dc2068158af309e260792cb67
2026-07-31 13:08:00,390 INFO alvance_github_crawler.pipeline: processing crawled candidate zalando-incubator/kube-ingress-aws-controller@f8b184bca577f5fccce3f0e8eaf01cd8c537ee65
2026-07-31 13:08:01,472 INFO alvance_github_crawler.pipeline: processing crawled candidate hashicorp/logutils@ac8b318eab768be332fd34e52db153fcacb54704
2026-07-31 13:08:02,884 INFO alvance_github_crawler.pipeline: processing crawled candidate twpayne/go-jsonstruct@3bc2d7bd7e05bad26a86ca3d1e9fb027753d556f
2026-07-31 13:08:03,414 INFO alvance_github_crawler.pipeline: processing crawled candidate magodo/pipeform@ba30a64597a449e61711a01e178999e8af98441c
2026-07-31 13:08:04,771 INFO alvance_github_crawler.pipeline: processing crawled candidate doron-cohen/antidot@1dd77c7478d70730bdf4f83afd8e8e0e5c39f41b
2026-07-31 13:08:05,414 INFO alvance_github_crawler.pipeline: processing crawled candidate capnspacehook/whalewall@52b6722b816dfa5fc3fa359b1ea56256f9e45a99
2026-07-31 13:08:06,631 INFO alvance_github_crawler.pipeline: processing crawled candidate hashicorp/vagrant-vmware-desktop@3b57f4a979dcc99d0450fcc55c542563120a14e1
2026-07-31 13:08:08,073 INFO alvance_github_crawler.pipeline: processing crawled candidate karlkfi/kubexit@d70e083efc1683c12c41a175b77f4656a5fa84b5
2026-07-31 13:08:08,268 INFO alvance_github_crawler.pipeline: processing crawled candidate gopinath-langote/1build@9149747908ef6465d1752b210bdabe339030c774
2026-07-31 13:08:08,774 INFO alvance_github_crawler.pipeline: processing crawled candidate JupiterRider/ffi@95c0831b14a113a5eefa3e93b63d0b20959b4208
2026-07-31 13:08:10,846 INFO alvance_github_crawler.pipeline: processing crawled candidate cls-cloud/ovra-zero@1c49e4bec047083c11b4f1cf726995e6ebf2c93a
2026-07-31 13:08:11,724 INFO alvance_github_crawler.pipeline: processing crawled candidate sassoftware/relic@02c54d584ca9eaa8f648763cd53bc77c4ff3d19c
2026-07-31 13:08:11,731 INFO alvance_github_crawler.pipeline: processing crawled candidate contentful-labs/kube-secret-syncer@f70ed4886ae58901a21cde7ccf3791aa3721f12f
2026-07-31 13:08:11,901 INFO alvance_github_crawler.pipeline: processing crawled candidate Stieneee/mumble-discord-bridge@63dc7bc09caa6fbfb74437b29fa016d0a1472942
2026-07-31 13:08:14,337 INFO alvance_github_crawler.pipeline: processing crawled candidate RyanCarrier/dijkstra@7264718f883bb8863c6552595793379f037661a8
2026-07-31 13:08:16,114 INFO alvance_github_crawler.pipeline: processing crawled candidate vulsio/gost@646d52527d43b1214848ee055b426b5d73c8ccdd
2026-07-31 13:08:16,207 INFO alvance_github_crawler.pipeline: processing crawled candidate angelodlfrtr/go-invoice-generator@ee7200790286b9e5572adcc269c6285fd826ea8f
2026-07-31 13:08:16,229 INFO alvance_github_crawler.pipeline: processing crawled candidate bep/debounce@c5a53ff38fcdcad8c130787adbdf681d37323f7e
2026-07-31 13:08:16,974 INFO alvance_github_crawler.pipeline: processing crawled candidate redhat-cop/patch-operator@6ffb9420703e3176c931801589010096553839f9
2026-07-31 13:08:18,085 INFO alvance_github_crawler.pipeline: processing crawled candidate qonto/prometheus-rds-exporter@1aead489b61ac3e41bf7dfc9777e34e32e3d9ff0
2026-07-31 13:08:18,482 INFO alvance_github_crawler.pipeline: processing crawled candidate probeldev/niri-float-sticky@b4805593eda05fc61e4cb88cfced9dd39913216e
2026-07-31 13:08:18,491 INFO alvance_github_crawler.pipeline: processing crawled candidate alicebob/miniredis@d67bfae4c370e8451561165eca6ddc50f056f083
2026-07-31 13:08:20,140 INFO alvance_github_crawler.pipeline: processing crawled candidate dhuan/mock@f82882935901bd5815670eccf8080811ac0814b7
2026-07-31 13:08:20,338 INFO alvance_github_crawler.pipeline: processing crawled candidate wongnai/xds@c6fcc95dc92250b03e4f718a1c2b0b990731f7ce
2026-07-31 13:08:21,369 INFO alvance_github_crawler.pipeline: processing crawled candidate graphql-hive/graphql-scalars@aa0db0f3e663ea501ab868c5c54cac399bd0c3da
2026-07-31 13:08:22,021 INFO alvance_github_crawler.pipeline: processing crawled candidate semaphore-protocol/semaphore@4dbc39b83a4066bf5084fd7f5d336202aad2f815
2026-07-31 13:08:22,200 INFO alvance_github_crawler.pipeline: processing crawled candidate tngan/samlify@df182c734a525f558de5eb5f554dbfec217a285c
2026-07-31 13:08:22,384 INFO alvance_github_crawler.pipeline: processing crawled candidate jeremydaly/data-api-client@24d98ed36b1e15243a1f99ad7235eec9a26502ef
2026-07-31 13:08:24,228 INFO alvance_github_crawler.pipeline: processing crawled candidate haradakunihiko/react-confirm@6f9c8d2f50670acb38041aa5b57dd32ef446fbb7
2026-07-31 13:08:24,997 INFO alvance_github_crawler.pipeline: processing crawled candidate planttheidea/micro-memoize@c8a7b49061ad0d06bb8d29bbcf1f6eea80717ad3
2026-07-31 13:08:27,077 INFO alvance_github_crawler.pipeline: processing crawled candidate input-output-hk/cardano-js-sdk@0c0e700237ca524d8bd73054e3518fb182d09e46
2026-07-31 13:08:27,227 INFO alvance_github_crawler.pipeline: processing crawled candidate aws/aws-lambda-nodejs-runtime-interface-client@f86a7a89575639f865bb850c7558c4198245689f
2026-07-31 13:08:28,511 INFO alvance_github_crawler.pipeline: processing crawled candidate mmomtchev/rlayers@98a2862d99cdd259c5fd9be3d4784d01b1cfcf95
2026-07-31 13:08:28,538 INFO alvance_github_crawler.pipeline: processing crawled candidate svrooij/node-sonos-ts@8548ab5a96126b92dcef45d5bad695abb54b5e30
2026-07-31 13:08:28,753 INFO alvance_github_crawler.pipeline: processing crawled candidate dexie/Dexie.js@962052f7b4e15493a3a76644482d5e1ae1fd4677
2026-07-31 13:08:31,449 INFO alvance_github_crawler.pipeline: processing crawled candidate graphile/worker@abfb4cff30747ad423046d117dfb88470f03ae00
2026-07-31 13:08:32,067 INFO alvance_github_crawler.pipeline: processing crawled candidate uiwjs/react-codemirror@990500ad9ae72400272c873df3ae061860ff00c2
2026-07-31 13:08:32,883 INFO alvance_github_crawler.pipeline: processing crawled candidate streamich/memfs@bdee8da7599c7b739bf44b9b1e8485547b89ce07
2026-07-31 13:08:33,423 INFO alvance_github_crawler.pipeline: processing crawled candidate placemark/placemark@09dbfa59704aa7b7f2836604d06c6fb508875c4f
2026-07-31 13:08:34,497 INFO alvance_github_crawler.pipeline: processing crawled candidate image-js/image-js@074ae97d1356d48f6d9f2eb7f007964317bbcfd7
2026-07-31 13:08:34,907 INFO alvance_github_crawler.pipeline: processing crawled candidate shahradelahi/next-extra@e160a919051c689c2f1628e093992472dee5a9df
2026-07-31 13:08:35,806 INFO alvance_github_crawler.pipeline: processing crawled candidate Laxcorp-Research/project-raven@80181435fc5802467bca4346e3f3c5312b2727ed
2026-07-31 13:08:35,946 INFO alvance_github_crawler.pipeline: processing crawled candidate homebridge-xiaomi-roborock-vacuum/homebridge-xiaomi-roborock-vacuum@9a80abd779f890facfeb56ebd2fbcec44f7c6603
2026-07-31 13:08:36,176 INFO alvance_github_crawler.pipeline: processing crawled candidate contentful/contentful-migration@d17c844443af05b466748345501044265b8407cf
2026-07-31 13:08:36,953 INFO alvance_github_crawler.pipeline: processing crawled candidate Nitrino/easysubs@db5f5d8fb5fe0fdbddc94cf6e46531cc9e7c5c19
2026-07-31 13:08:37,086 INFO alvance_github_crawler.pipeline: processing crawled candidate intercom/contentful-typescript-codegen@006467c723d384497bc40e863ea00e15b5d976ff
2026-07-31 13:08:37,352 INFO alvance_github_crawler.pipeline: processing crawled candidate hiero-ledger/hiero-local-node@bfb7cc620af3a2540d994697350bab0d54eccb98
2026-07-31 13:08:39,438 INFO alvance_github_crawler.pipeline: processing crawled candidate mswjs/source@2658716b0f3f96783bad392cbfb84326931749fe
2026-07-31 13:08:40,170 INFO alvance_github_crawler.pipeline: processing crawled candidate sapphiredev/utilities@24caabfc17baf24a5d07cc54ed415e4bd7521ee7
2026-07-31 13:08:44,811 INFO alvance_github_crawler.pipeline: processing crawled candidate katspaugh/ichinichi@919d66698269444b5ab0c4f5580f80afcb3c3aa3
2026-07-31 13:08:47,315 INFO alvance_github_crawler.pipeline: processing crawled candidate motherduckdb/grafana-duckdb-datasource@d3e6299d0052456d818b793f87cfcb4f9eaaa47d
2026-07-31 13:08:48,075 INFO alvance_github_crawler.pipeline: processing crawled candidate aight-cool/expo-openclaw-chat@4f130ae15651c7fca0e6f2c8c36f6243bee2d416
2026-07-31 13:08:49,710 INFO alvance_github_crawler.pipeline: processing crawled candidate ChanMeng666/server-google-news@5ed14341ff6ef290e13bafa08abc12157bbe23a3
2026-07-31 13:08:50,600 INFO alvance_github_crawler.pipeline: processing crawled candidate sinisterMage/JulIde@d98ae7626005232765346623af6a1acc7df51491
2026-07-31 13:08:51,787 INFO alvance_github_crawler.pipeline: processing crawled candidate 1595901624/TroveKit@1786f1ec482664d8d7e1f4cfadac62af885bf6e6
2026-07-31 13:08:51,976 INFO alvance_github_crawler.pipeline: processing crawled candidate devexperts/dxcharts-lite@9902400583dc569f87e6f7090cc7f1048a44fc26
2026-07-31 13:08:54,050 INFO alvance_github_crawler.pipeline: processing crawled candidate jlcodes99/vscode-antigravity-cockpit@58d51e3074def47513cb1de6338f76e95b3a638e
2026-07-31 13:08:57,272 INFO alvance_github_crawler.pipeline: processing crawled candidate jshttp/cookie@51c485421a95ee796de6d8dab53a5ade0a20db8a
2026-07-31 13:08:59,510 INFO alvance_github_crawler.pipeline: processing crawled candidate stanleyugwu/react-native-bottom-sheet@61082135db25bcca1d680d900a12dfab9c1e2f70
2026-07-31 13:09:04,834 INFO alvance_github_crawler.pipeline: processing crawled candidate karngyan/karngyan.com@854505f2d1998abd4242ac8ad027791ae0a156b4
2026-07-31 13:09:05,971 INFO alvance_github_crawler.pipeline: processing crawled candidate Alice53211/arc-fintech-app@147cbc22d967762f962c3931899eb4f96848dc0d
2026-07-31 13:09:07,406 INFO alvance_github_crawler.pipeline: processing crawled candidate expressjs/vhost@9efd046ccb7a582a3a097ac99e91eab868cdbee9
2026-07-31 13:09:08,384 INFO alvance_github_crawler.pipeline: processing crawled candidate braintree/braintree_node@ea0790c8985f673ddeec4cf8aa6c5c3d63516f47
2026-07-31 13:09:09,811 INFO alvance_github_crawler.pipeline: processing crawled candidate ReactTooltip/react-tooltip@32e91799ee12c4615c4919e1b02fd32dbc429068
2026-07-31 13:09:09,822 INFO alvance_github_crawler.pipeline: processing crawled candidate webrtcHacks/adapter@c2d3c50815c2c61ed7db9885ce34ecae4cae631a
2026-07-31 13:09:12,109 INFO alvance_github_crawler.pipeline: processing crawled candidate Leask/Tabminal@fbd26d3aff033fd850a6696eccb107520780fd8b
2026-07-31 13:09:12,992 INFO alvance_github_crawler.pipeline: processing crawled candidate sindresorhus/make-asynchronous@bd0d61eeb73fe45a9fbbb39c930b5b406c0ab24d
2026-07-31 13:09:13,166 INFO alvance_github_crawler.pipeline: processing crawled candidate GoogleChrome/lighthouse-stack-packs@0dd6b19c23b2b4de3946bc183f31eb040014c1f0
2026-07-31 13:09:13,275 INFO alvance_github_crawler.pipeline: processing crawled candidate meritt/node-tumblr@314936f020b10459997684f9c16d0fd3208f3118
2026-07-31 13:09:13,364 INFO alvance_github_crawler.pipeline: processing crawled candidate xing/hops@e819abf70efcff8f782f69ddc2bcc63066c5ffcd
2026-07-31 13:09:13,759 INFO alvance_github_crawler.pipeline: processing crawled candidate yasudacloud/strapi-plugin-sso@dcb715da3aa7ae4237448a6e57ebb159b9c5efa3
2026-07-31 13:09:14,702 INFO alvance_github_crawler.pipeline: processing crawled candidate shaunlee/alpinejs-router@c49dd94f2c05ab9faf186ae3e1b62a7f526d8729
2026-07-31 13:09:14,716 INFO alvance_github_crawler.pipeline: processing crawled candidate github/typing-effect-element@e4b4b7ab52065a9d8b58b5edca308fda9bd1d5d5
2026-07-31 13:09:15,474 INFO alvance_github_crawler.pipeline: processing crawled candidate weixu365/serverless-scriptable-plugin@87e134d2de4f0690fb62155a10b21fb10607ea63
2026-07-31 13:09:15,543 INFO alvance_github_crawler.pipeline: processing crawled candidate pascalgn/size-label-action@27a1fdd9e5a5b390573b16072bca0841a1cffce6
2026-07-31 13:09:15,612 INFO alvance_github_crawler.pipeline: processing crawled candidate la10736/rstest@d9ae990e323b6910d39364d94876a86b003b4729
2026-07-31 13:09:16,683 INFO alvance_github_crawler.pipeline: processing crawled candidate osa1/tiny@7c897c2f4cb4be33c4fcd2d0811b6d590e1a6e0d
2026-07-31 13:09:16,722 INFO alvance_github_crawler.pipeline: processing crawled candidate pemistahl/lingua-rs@77e94d1a2a8e49bed873a7c502bcb51ba803ef0f
2026-07-31 13:09:16,997 INFO alvance_github_crawler.pipeline: processing crawled candidate Ottrlang/otterlang@d11b17d7770050ab89237d3a6d6802ac3fe224f5
2026-07-31 13:09:17,257 INFO alvance_github_crawler.pipeline: processing crawled candidate falconre/falcon@00a76f22fffeccf64d131effd94b03c98f5be4f9
2026-07-31 13:09:17,395 INFO alvance_github_crawler.pipeline: processing crawled candidate atrium-rs/atrium@d02f0a22174054d7e85d9bb260f724ca21813f3f
2026-07-31 13:09:17,559 INFO alvance_github_crawler.pipeline: processing crawled candidate Xuanwo/xurl@24eedb2ff2b141b025efa1a1658fd7f3e88cdd01
2026-07-31 13:09:17,738 INFO alvance_github_crawler.pipeline: processing crawled candidate dronavallipranav/rust-obfuscator@7c8793de70daa048531837b06da896e6e9ab24f4
2026-07-31 13:09:17,989 INFO alvance_github_crawler.pipeline: processing crawled candidate mgrachev/update-informer@4a4d526ea583ef5a93cbd2b5a4c2593c92f385ab
2026-07-31 13:09:20,121 INFO alvance_github_crawler.pipeline: processing crawled candidate sharkdp/bugreport@1cfb9d67380392af806631f1262dae09acbb50bc
2026-07-31 13:09:20,209 INFO alvance_github_crawler.pipeline: processing crawled candidate Aperocky/tascli@c0e5e192126e593f2526f63e0c8c676d978c29b9
2026-07-31 13:09:20,355 INFO alvance_github_crawler.pipeline: processing crawled candidate HiRoFa/quickjs_es_runtime@5389fb270557ec9557799351bcfa61978b86d7d9
2026-07-31 13:09:20,369 INFO alvance_github_crawler.pipeline: processing crawled candidate Nonanti/mathcore@78141f35f20a572783fbe60cb4baf5bd0b165358
2026-07-31 13:09:20,986 INFO alvance_github_crawler.pipeline: processing crawled candidate rambler-digital-solutions/actix-web-validator@c42c1e3e8087395de2753b8559209e2e635a7a28
2026-07-31 13:09:20,989 INFO alvance_github_crawler.pipeline: processing crawled candidate benwebber/tunnelblickctl@514086c5c5592d30c861d5fff47523d1c53ba300
2026-07-31 13:09:21,383 INFO alvance_github_crawler.pipeline: processing crawled candidate LinkTed/doh-client@45c62cb89a4156fc4bc3766637dc56137711fab3
2026-07-31 13:09:22,814 INFO alvance_github_crawler.pipeline: processing crawled candidate roapi/roapi@c53bfa489011038cb934735451d88dcd9f39dbe2
2026-07-31 13:09:23,252 INFO alvance_github_crawler.pipeline: processing crawled candidate Rust-SDL2/rust-sdl2@7aed3d84bd29fc5447680929825be3aa72af2a46
2026-07-31 13:09:23,270 INFO alvance_github_crawler.pipeline: processing crawled candidate yshavit/mdq@a55d1f572c5c9fba058d968ef837337e0b69435b
2026-07-31 13:09:23,503 INFO alvance_github_crawler.pipeline: processing crawled candidate use-ink/ink@08083f6a277263332edfcc6ce82f3456b4f64adf
2026-07-31 13:09:24,005 INFO alvance_github_crawler.pipeline: processing crawled candidate mufeedvh/pdfrip@633932bdaa87c74ffcf0476f084e63b74849b4fd
2026-07-31 13:09:24,037 INFO alvance_github_crawler.pipeline: processing crawled candidate David-OConnor/pyflow@e4d385143908d8a7a29631fd478fe01ac3edfcda
2026-07-31 13:09:24,263 INFO alvance_github_crawler.pipeline: processing crawled candidate rust-ethereum/evm@c9b644be2696ee1d921f02d5970644c6105e5947
2026-07-31 13:09:24,431 INFO alvance_github_crawler.pipeline: processing crawled candidate PsycheFoundation/nousnet@0bdb13d94a05675da93d69ffa5d4c4e5a680736c
2026-07-31 13:09:24,482 INFO alvance_github_crawler.pipeline: processing crawled candidate PistonDevelopers/glfw-rs@8a2c29adb2f5e4caae76e1c0336ef7a067074728
2026-07-31 13:09:24,564 INFO alvance_github_crawler.pipeline: processing crawled candidate ismaelgv/rnr@111c425a8110072e7eae08266ac57df0b6f2b664
2026-07-31 13:09:27,026 INFO alvance_github_crawler.pipeline: processing crawled candidate dermesser/leveldb-rs@05de38d87d9ec7306cee85279212975b60e3a284
2026-07-31 13:09:27,213 INFO alvance_github_crawler.pipeline: processing crawled candidate manuel-woelker/rust-vfs@9189433daabe961d4fa6905f665e923235a812db
2026-07-31 13:09:29,456 INFO alvance_github_crawler.pipeline: processing crawled candidate NishanthSpShetty/crust@3d621dd2b92eb78d8927ad54c63c9f42706ac921
2026-07-31 13:09:29,577 INFO alvance_github_crawler.pipeline: processing crawled candidate Virviil/oci2git@b7a955ae5e6cf7819b2b8679a7ea670d01072420
2026-07-31 13:09:31,665 INFO alvance_github_crawler.pipeline: processing crawled candidate vega/vegafusion@7a40b506fb16be6e9423723d3ffa5539a9cccd15
2026-07-31 13:09:32,761 INFO alvance_github_crawler.pipeline: processing crawled candidate rscarson/rustyscript@ef6ccee0eb45378dba540ebe78005f05ed3aa81b
2026-07-31 13:09:34,927 INFO alvance_github_crawler.pipeline: processing crawled candidate rust-lang/cmake-rs@63190697197b34e5e5cd3cabf17da4fcab348bef
2026-07-31 13:09:37,844 INFO alvance_github_crawler.pipeline: processing crawled candidate arduano/simdeez@ac5ac28fa461ff57df5d816075f96f6cf82e28c6
2026-07-31 13:09:40,068 INFO alvance_github_crawler.pipeline: processing crawled candidate paritytech/schnorrkel@98b9cef8abce87833a53daec6bee9ec6f75c7aff
2026-07-31 13:09:41,673 INFO alvance_github_crawler.pipeline: processing crawled candidate Stoeoef/spade@c8befc96bbbc1898a89cb19f9f3104a848936374
2026-07-31 13:09:42,763 INFO alvance_github_crawler.pipeline: processing crawled candidate robclu/leapfrog@d70fc340b788376df910e93d76b6e0aae4d6c584
2026-07-31 13:09:43,102 INFO alvance_github_crawler.pipeline: processing crawled candidate firstbatchxyz/dkn-compute-node@301d93da0f8a46f97ff79df17052231d29f1f64f
2026-07-31 13:09:44,732 INFO alvance_github_crawler.pipeline: processing crawled candidate trailofbits/siderophile@161b0239b35c99d09a6727ec6d2e6090a7b0bf7e
2026-07-31 13:09:44,734 INFO alvance_github_crawler.pipeline: processing crawled candidate cloud-hypervisor/fuse-backend-rs@e92233933e42e8bb7b17e123a9568a98c2085e04
2026-07-31 13:09:46,667 INFO alvance_github_crawler.pipeline: processing crawled candidate cenotelie/cratery@ed9b6b6e95260e5784ff3aa3c7f612af6ba8c47c
2026-07-31 13:09:46,946 INFO alvance_github_crawler.pipeline: processing crawled candidate fslabs/bevy_infinite_grid@cc9ba3efe5a4a22b5d3869b2a4b7f4f4368a485a
2026-07-31 13:09:47,254 INFO alvance_github_crawler.pipeline: processing crawled candidate denoland/ronly@fc49a71bc269e7f3da08b223c3d16115fa1057f8
2026-07-31 13:09:49,102 INFO alvance_github_crawler.pipeline: processing crawled candidate integer32llc/margo@98d971fb9673c8b961e298b347ed3164ad593b22
2026-07-31 13:09:49,108 INFO alvance_github_crawler.pipeline: processing crawled candidate reneklacan/symspell@2dbf3b2d766d5d530e1c961e7edc7dbae2d94f4c
2026-07-31 13:09:49,794 INFO alvance_github_crawler.pipeline: processing crawled candidate prefix-dev/shell@bb68aa5454ca41e5831881c7ea7a0f498c941260
2026-07-31 13:09:49,893 INFO alvance_github_crawler.pipeline: processing crawled candidate DrugClaw/DrugClaw@960a6e0e5935533099dcd1774f6d1280e7d59d55
2026-07-31 13:09:53,241 INFO alvance_github_crawler.pipeline: processing crawled candidate rust-embedded/svdtools@ac474a78d4f502f21dd2f21db92bdb1546a348c7
2026-07-31 13:09:54,771 INFO alvance_github_crawler.pipeline: processing crawled candidate SecretDeveloper/lsv@7ef936753781c695b47b285f9caefc0172fdb7dd
2026-07-31 13:09:57,445 INFO alvance_github_crawler.pipeline: processing crawled candidate Augani/atlas@04c9307d1ee452131bbb645797a62cda99ceb9e8
2026-07-31 13:09:58,458 INFO alvance_github_crawler.pipeline: processing crawled candidate xymostech/XymosTeX@0c05f9282a02b04af918342faa07255c3aa601a9
2026-07-31 13:09:59,782 INFO alvance_github_crawler.pipeline: processing crawled candidate nik-rev/derive-aliases@891a6ff3772118412a9ae42187c4152fcb4fc181
2026-07-31 13:09:59,813 INFO alvance_github_crawler.pipeline: processing crawled candidate wachikun/yaskkserv2@f5bc4590c798c591e9861e02ea2e12d227a047ed
{
  "duplicate": 14632,
  "input_total": 14845,
  "processed": 213,
  "queued": 36,
  "rejected": 177
}
[2026-07-31T13:11:46Z] stage=prescreen-31000 exit_code=0 duration_s=304
