[2026-07-31T03:41:54Z] stage=repair-rebuildable-packages run_id=github-mass-production-XBY-20260731
command= uv run python scripts/repair_rebuildable_tasks.py --root /home/xubingyu/AlvanceGithubCrawler --workers 8
{
  "changed": 0,
  "checked": 614,
  "languages": {
    "go": 276,
    "javascript": 41,
    "python": 85,
    "rust": 166,
    "typescript": 46
  },
  "mode": "repair",
  "python_dependency_resolutions": 0,
  "unchanged": 614
}
[2026-07-31T03:41:59Z] stage=repair-rebuildable-packages exit_code=0 duration_s=5
[2026-07-31T05:00:34Z] stage=repair-rebuildable-packages run_id=github-mass-production-XBY-20260731
command= uv run python scripts/repair_rebuildable_tasks.py --root /home/xubingyu/AlvanceGithubCrawler --workers 8
{
  "changed": 0,
  "checked": 650,
  "languages": {
    "go": 287,
    "javascript": 42,
    "python": 94,
    "rust": 177,
    "typescript": 50
  },
  "mode": "repair",
  "python_dependency_resolutions": 0,
  "unchanged": 650
}
[2026-07-31T05:00:39Z] stage=repair-rebuildable-packages exit_code=0 duration_s=5
[2026-07-31T06:38:54Z] stage=repair-rebuildable-packages run_id=github-mass-production-XBY-20260731
command= uv run python scripts/repair_rebuildable_tasks.py --root /home/xubingyu/AlvanceGithubCrawler --workers 8
{
  "changed": 0,
  "checked": 705,
  "languages": {
    "go": 304,
    "javascript": 50,
    "python": 94,
    "rust": 182,
    "typescript": 75
  },
  "mode": "repair",
  "python_dependency_resolutions": 0,
  "unchanged": 705
}
[2026-07-31T06:38:59Z] stage=repair-rebuildable-packages exit_code=0 duration_s=5
[2026-07-31T07:15:18Z] stage=repair-rebuildable-packages run_id=github-mass-production-XBY-20260731
command= uv run python scripts/repair_rebuildable_tasks.py --root /home/xubingyu/AlvanceGithubCrawler --workers 8
{
  "changed": 0,
  "checked": 705,
  "languages": {
    "go": 304,
    "javascript": 50,
    "python": 94,
    "rust": 182,
    "typescript": 75
  },
  "mode": "repair",
  "python_dependency_resolutions": 0,
  "unchanged": 705
}
[2026-07-31T07:15:23Z] stage=repair-rebuildable-packages exit_code=0 duration_s=5
[2026-07-31T07:15:58Z] stage=repair-rebuildable-packages run_id=github-mass-production-XBY-20260731
command= uv run python scripts/repair_rebuildable_tasks.py --root /home/xubingyu/AlvanceGithubCrawler --workers 8
{
  "changed": 0,
  "checked": 705,
  "languages": {
    "go": 304,
    "javascript": 50,
    "python": 94,
    "rust": 182,
    "typescript": 75
  },
  "mode": "repair",
  "python_dependency_resolutions": 0,
  "unchanged": 705
}
[2026-07-31T07:16:04Z] stage=repair-rebuildable-packages exit_code=0 duration_s=6
