[2026-07-31T05:00:39Z] stage=requeue-node-package-manager-v18 run_id=github-mass-production-XBY-20260731
command= env PIPELINE_OUTPUT_DIR=/home/xubingyu/AlvanceGithubCrawler/outputs/github_production_500_unquota uv run alvance-github-crawler --requeue-failures --failure-reason build_fail --failure-contains can\ only\ install\ with\ an\ existing\ package-lock.json --requeue-marker node-package-manager-v18 --verbose
{
  "already_registered": 0,
  "already_requeued": 0,
  "matched": 234,
  "requeued": 234
}
[2026-07-31T05:03:31Z] stage=requeue-node-package-manager-v18 exit_code=0 duration_s=172
[2026-07-31T06:38:59Z] stage=requeue-node-package-manager-v18 run_id=github-mass-production-XBY-20260731
command= env PIPELINE_OUTPUT_DIR=/home/xubingyu/AlvanceGithubCrawler/outputs/github_production_500_unquota uv run alvance-github-crawler --requeue-failures --failure-reason build_fail --failure-contains can\ only\ install\ with\ an\ existing\ package-lock.json --requeue-marker node-package-manager-v18 --verbose
{
  "already_registered": 29,
  "already_requeued": 0,
  "matched": 0,
  "requeued": 0
}
[2026-07-31T06:39:03Z] stage=requeue-node-package-manager-v18 exit_code=0 duration_s=4
[2026-07-31T07:15:23Z] stage=requeue-node-package-manager-v18 run_id=github-mass-production-XBY-20260731
command= env PIPELINE_OUTPUT_DIR=/home/xubingyu/AlvanceGithubCrawler/outputs/github_production_500_unquota uv run alvance-github-crawler --requeue-failures --failure-reason build_fail --failure-contains can\ only\ install\ with\ an\ existing\ package-lock.json --requeue-marker node-package-manager-v18 --verbose
{
  "already_registered": 29,
  "already_requeued": 0,
  "matched": 0,
  "requeued": 0
}
[2026-07-31T07:15:26Z] stage=requeue-node-package-manager-v18 exit_code=0 duration_s=3
[2026-07-31T07:16:04Z] stage=requeue-node-package-manager-v18 run_id=github-mass-production-XBY-20260731
command= env PIPELINE_OUTPUT_DIR=/home/xubingyu/AlvanceGithubCrawler/outputs/github_production_500_unquota uv run alvance-github-crawler --requeue-failures --failure-reason build_fail --failure-contains can\ only\ install\ with\ an\ existing\ package-lock.json --requeue-marker node-package-manager-v18 --verbose
{
  "already_registered": 29,
  "already_requeued": 0,
  "matched": 0,
  "requeued": 0
}
[2026-07-31T07:16:08Z] stage=requeue-node-package-manager-v18 exit_code=0 duration_s=4
[2026-07-31T07:16:46Z] stage=requeue-node-package-manager-v18 run_id=github-mass-production-XBY-20260731
command= env PIPELINE_OUTPUT_DIR=/home/xubingyu/AlvanceGithubCrawler/outputs/github_production_500_unquota uv run alvance-github-crawler --requeue-failures --failure-reason build_fail --failure-contains can\ only\ install\ with\ an\ existing\ package-lock.json --requeue-marker node-package-manager-v18 --verbose
{
  "already_registered": 29,
  "already_requeued": 0,
  "matched": 0,
  "requeued": 0
}
[2026-07-31T07:16:50Z] stage=requeue-node-package-manager-v18 exit_code=0 duration_s=4
[2026-07-31T07:17:27Z] stage=requeue-node-package-manager-v18 run_id=github-mass-production-XBY-20260731
command= env PIPELINE_OUTPUT_DIR=/home/xubingyu/AlvanceGithubCrawler/outputs/github_production_500_unquota uv run alvance-github-crawler --requeue-failures --failure-reason build_fail --failure-contains can\ only\ install\ with\ an\ existing\ package-lock.json --requeue-marker node-package-manager-v18 --verbose
{
  "already_registered": 29,
  "already_requeued": 0,
  "matched": 0,
  "requeued": 0
}
[2026-07-31T07:17:31Z] stage=requeue-node-package-manager-v18 exit_code=0 duration_s=4
[2026-07-31T09:42:47Z] stage=requeue-node-package-manager-v18 run_id=github-mass-production-XBY-20260731
command= env PIPELINE_OUTPUT_DIR=/home/xubingyu/AlvanceGithubCrawler/outputs/github_production_500_unquota uv run alvance-github-crawler --requeue-failures --failure-reason build_fail --failure-contains can\ only\ install\ with\ an\ existing\ package-lock.json --requeue-marker node-package-manager-v18 --verbose
{
  "already_registered": 29,
  "already_requeued": 0,
  "matched": 0,
  "requeued": 0
}
[2026-07-31T09:42:51Z] stage=requeue-node-package-manager-v18 exit_code=0 duration_s=4
[2026-07-31T09:55:41Z] stage=requeue-node-package-manager-v18 run_id=github-mass-production-XBY-20260731
command= env PIPELINE_OUTPUT_DIR=/home/xubingyu/AlvanceGithubCrawler/outputs/github_production_500_unquota uv run alvance-github-crawler --requeue-failures --failure-reason build_fail --failure-contains can\ only\ install\ with\ an\ existing\ package-lock.json --requeue-marker node-package-manager-v18 --verbose
{
  "already_registered": 29,
  "already_requeued": 0,
  "matched": 0,
  "requeued": 0
}
[2026-07-31T09:55:44Z] stage=requeue-node-package-manager-v18 exit_code=0 duration_s=3
[2026-07-31T10:40:41Z] stage=requeue-node-package-manager-v18 run_id=github-mass-production-XBY-20260731
command= env PIPELINE_OUTPUT_DIR=/home/xubingyu/AlvanceGithubCrawler/outputs/github_production_500_unquota uv run alvance-github-crawler --requeue-failures --failure-reason build_fail --failure-contains can\ only\ install\ with\ an\ existing\ package-lock.json --requeue-marker node-package-manager-v18 --verbose
{
  "already_registered": 29,
  "already_requeued": 0,
  "matched": 0,
  "requeued": 0
}
[2026-07-31T10:40:45Z] stage=requeue-node-package-manager-v18 exit_code=0 duration_s=4
[2026-07-31T10:57:56Z] stage=requeue-node-package-manager-v18 run_id=github-mass-production-XBY-20260731
command= env PIPELINE_OUTPUT_DIR=/home/xubingyu/AlvanceGithubCrawler/outputs/github_production_500_unquota uv run alvance-github-crawler --requeue-failures --failure-reason build_fail --failure-contains can\ only\ install\ with\ an\ existing\ package-lock.json --requeue-marker node-package-manager-v18 --verbose
{
  "already_registered": 29,
  "already_requeued": 0,
  "matched": 0,
  "requeued": 0
}
[2026-07-31T10:57:59Z] stage=requeue-node-package-manager-v18 exit_code=0 duration_s=3
[2026-07-31T12:49:48Z] stage=requeue-node-package-manager-v18 run_id=github-mass-production-XBY-20260731
command= env PIPELINE_OUTPUT_DIR=/home/xubingyu/AlvanceGithubCrawler/outputs/github_production_500_unquota uv run alvance-github-crawler --requeue-failures --failure-reason build_fail --failure-contains can\ only\ install\ with\ an\ existing\ package-lock.json --requeue-marker node-package-manager-v18 --verbose
{
  "already_registered": 29,
  "already_requeued": 0,
  "matched": 0,
  "requeued": 0
}
[2026-07-31T12:49:52Z] stage=requeue-node-package-manager-v18 exit_code=0 duration_s=4
[2026-07-31T15:40:40Z] stage=requeue-node-package-manager-v18 run_id=github-mass-production-XBY-20260731
command= env PIPELINE_OUTPUT_DIR=/home/xubingyu/AlvanceGithubCrawler/outputs/github_production_500_unquota uv run alvance-github-crawler --requeue-failures --failure-reason build_fail --failure-contains can\ only\ install\ with\ an\ existing\ package-lock.json --requeue-marker node-package-manager-v18 --verbose
{
  "already_registered": 29,
  "already_requeued": 0,
  "matched": 0,
  "requeued": 0
}
[2026-07-31T15:40:44Z] stage=requeue-node-package-manager-v18 exit_code=0 duration_s=4
