[2026-07-31T15:47:40Z] stage=verify-default-20260731T154740Z run_id=github-mass-production-XBY-20260731
command= env PIPELINE_OUTPUT_DIR=/home/xubingyu/AlvanceGithubCrawler/outputs/github_production_500_unquota PIPELINE_E2B_CPU_COUNT=1 PIPELINE_E2B_MEMORY_MB=1024 PIPELINE_E2B_CONCURRENCY=20 PIPELINE_LANGUAGE_QUOTA_ENABLED=false uv run alvance-github-crawler --verify-pending --e2b-concurrency 20 --verbose
2026-07-31 15:47:43,266 INFO alvance_github_crawler.pending.verification: verifying pending candidate blakeblackshear/frigate-hass-integration key_slot=1
2026-07-31 15:47:43,267 INFO alvance_github_crawler.pending.verification: verifying pending candidate neo4j-contrib/neomodel key_slot=2
2026-07-31 15:47:43,269 INFO alvance_github_crawler.pending.verification: verifying pending candidate mollie/mollie-api-python key_slot=3
2026-07-31 15:48:02,491 INFO alvance_github_crawler.pending.verification: pending candidate mollie/mollie-api-python finished outcome=rejected key_slot=3 processed=1 in_flight=2
2026-07-31 15:48:05,310 INFO alvance_github_crawler.pending.verification: pending candidate blakeblackshear/frigate-hass-integration finished outcome=rejected key_slot=1 processed=2 in_flight=1
2026-07-31 15:48:27,835 INFO alvance_github_crawler.pending.verification: pending candidate neo4j-contrib/neomodel finished outcome=rejected key_slot=2 processed=3 in_flight=0
{
  "key_slot_1_processed": 1,
  "key_slot_1_rejected": 1,
  "key_slot_2_processed": 1,
  "key_slot_2_rejected": 1,
  "key_slot_3_processed": 1,
  "key_slot_3_rejected": 1,
  "processed": 3,
  "rejected": 3,
  "remaining": 0
}
[2026-07-31T15:48:29Z] stage=verify-default-20260731T154740Z exit_code=0 duration_s=49
