[2026-07-31T03:42:41Z] stage=verify-default-20260731T034241Z run_id=github-mass-production-XBY-20260731
command= env PIPELINE_OUTPUT_DIR=/home/xubingyu/AlvanceGithubCrawler/outputs/github_production_500_unquota PIPELINE_E2B_CPU_COUNT=1 PIPELINE_E2B_MEMORY_MB=1024 PIPELINE_E2B_CONCURRENCY=20 PIPELINE_LANGUAGE_QUOTA_ENABLED=false uv run alvance-github-crawler --verify-pending --e2b-concurrency 20 --verbose
2026-07-31 03:42:43,436 INFO alvance_github_crawler.pending.verification: verifying pending candidate owasp-dep-scan/dep-scan key_slot=1
2026-07-31 03:42:46,001 INFO alvance_github_crawler.pending.verification: verifying pending candidate autoscrape-labs/pydoll key_slot=2
2026-07-31 03:43:02,107 INFO alvance_github_crawler.pending.verification: verifying pending candidate snakemake/snakefmt key_slot=3
2026-07-31 03:43:11,914 INFO alvance_github_crawler.pending.verification: verifying pending candidate intel/gprofiler key_slot=1
2026-07-31 03:43:29,110 INFO alvance_github_crawler.pending.verification: verifying pending candidate PrefectHQ/marvin key_slot=2
2026-07-31 03:43:31,742 INFO alvance_github_crawler.pending.verification: pending candidate intel/gprofiler finished outcome=rejected key_slot=1 processed=1 in_flight=4
2026-07-31 03:43:36,217 INFO alvance_github_crawler.pending.verification: pending candidate snakemake/snakefmt finished outcome=rejected key_slot=3 processed=2 in_flight=3
2026-07-31 03:43:38,099 INFO alvance_github_crawler.pending.verification: pending candidate owasp-dep-scan/dep-scan finished outcome=rejected key_slot=1 processed=3 in_flight=2
2026-07-31 03:43:47,731 INFO alvance_github_crawler.pending.verification: pending candidate autoscrape-labs/pydoll finished outcome=rejected key_slot=2 processed=4 in_flight=1
2026-07-31 03:44:45,578 INFO alvance_github_crawler.pending.verification: pending candidate PrefectHQ/marvin finished outcome=rejected key_slot=2 processed=5 in_flight=0
{
  "key_slot_1_processed": 2,
  "key_slot_1_rejected": 2,
  "key_slot_2_processed": 2,
  "key_slot_2_rejected": 2,
  "key_slot_3_processed": 1,
  "key_slot_3_rejected": 1,
  "processed": 5,
  "rejected": 5,
  "remaining": 0
}
[2026-07-31T03:44:46Z] stage=verify-default-20260731T034241Z exit_code=0 duration_s=125
